// Jest Snapshot v1, https://goo.gl/fbAQLP

exports[`NoContent component render component 1`] = `ShallowWrapper {}`;
