// Jest Snapshot v1, https://goo.gl/fbAQLP

exports[`TickerCard component render component 1`] = `ShallowWrapper {}`;
