// Jest Snapshot v1, https://goo.gl/fbAQLP

exports[`App component render component 1`] = `ShallowWrapper {}`;
