// Jest Snapshot v1, https://goo.gl/fbAQLP

exports[`InputTickerSymbol component render component 1`] = `ShallowWrapper {}`;
